PH initialization NULL //hwnc2-stdhome2/stdhome2/users/1705407/HET6004/LAB2/Pong_2/Initialization.vhd sub00/vhpl00 1350451288
AR toplevel behavioral //hwnc2-stdhome2/stdhome2/users/1705407/HET6004/LAB2/Pong_2/TOPLEVEL.vhd sub00/vhpl23 1351658836
EN clockdivider NULL //hwnc2-stdhome2/stdhome2/users/1705407/HET6004/LAB2/Pong_2/Clock_Divider.vhd sub00/vhpl02 1351658813
EN ball_display NULL //hwnc2-stdhome2/stdhome2/users/1705407/HET6004/LAB2/Pong_2/Ball_Display.vhd sub00/vhpl16 1351658827
EN court_display NULL //hwnc2-stdhome2/stdhome2/users/1705407/HET6004/LAB2/Pong_2/Court_Display.vhd sub00/vhpl08 1351658819
AR bat_logic behavioral //hwnc2-stdhome2/stdhome2/users/1705407/HET6004/LAB2/Pong_2/Bat_Logic.vhd sub00/vhpl15 1351658826
EN videosync NULL //hwnc2-stdhome2/stdhome2/users/1705407/HET6004/LAB2/Pong_2/VGA_Timing.vhd sub00/vhpl06 1351658817
AR wall_display behavioral //hwnc2-stdhome2/stdhome2/users/1705407/HET6004/LAB2/Pong_2/Wall_Display.vhd sub00/vhpl11 1351658822
AR ball_display behavioral //hwnc2-stdhome2/stdhome2/users/1705407/HET6004/LAB2/Pong_2/Ball_Display.vhd sub00/vhpl17 1351658828
EN ball_logic NULL //hwnc2-stdhome2/stdhome2/users/1705407/HET6004/LAB2/Pong_2/Ball_Logic.vhd sub00/vhpl18 1351658829
EN row_column_counter NULL //hwnc2-stdhome2/stdhome2/users/1705407/HET6004/LAB2/Pong_2/Row_Column_Counter.vhd sub00/vhpl04 1351658815
PH gameparameters NULL //hwnc2-stdhome2/stdhome2/users/1705407/HET6004/LAB2/Pong_2/Initialization.vhd sub00/vhpl26 1351658811
EN state_machine NULL //hwnc2-stdhome2/stdhome2/users/1705407/HET6004/LAB2/Pong_2/State_Machine.vhd sub00/vhpl20 1351658833
EN toplevel NULL //hwnc2-stdhome2/stdhome2/users/1705407/HET6004/LAB2/Pong_2/TOPLEVEL.vhd sub00/vhpl22 1351658835
AR court_display behavioral //hwnc2-stdhome2/stdhome2/users/1705407/HET6004/LAB2/Pong_2/Court_Display.vhd sub00/vhpl09 1351658820
AR bat_display behavioral //hwnc2-stdhome2/stdhome2/users/1705407/HET6004/LAB2/Pong_2/Bat_Display.vhd sub00/vhpl13 1351658824
EN bat_display NULL //hwnc2-stdhome2/stdhome2/users/1705407/HET6004/LAB2/Pong_2/Bat_Display.vhd sub00/vhpl12 1351658823
PB initialization initialization //hwnc2-stdhome2/stdhome2/users/1705407/HET6004/LAB2/Pong_2/Initialization.vhd sub00/vhpl01 1350451289
EN score_display NULL //hwnc2-stdhome2/stdhome2/users/1705407/HET6004/LAB2/Pong_2/Score_Display.vhd sub00/vhpl24 1351658831
AR score_display behavioral //hwnc2-stdhome2/stdhome2/users/1705407/HET6004/LAB2/Pong_2/Score_Display.vhd sub00/vhpl25 1351658832
AR clockdivider behavioral //hwnc2-stdhome2/stdhome2/users/1705407/HET6004/LAB2/Pong_2/Clock_Divider.vhd sub00/vhpl03 1351658814
EN wall_display NULL //hwnc2-stdhome2/stdhome2/users/1705407/HET6004/LAB2/Pong_2/Wall_Display.vhd sub00/vhpl10 1351658821
AR row_column_counter behavioral //hwnc2-stdhome2/stdhome2/users/1705407/HET6004/LAB2/Pong_2/Row_Column_Counter.vhd sub00/vhpl05 1351658816
PB gameparameters gameparameters //hwnc2-stdhome2/stdhome2/users/1705407/HET6004/LAB2/Pong_2/Initialization.vhd sub00/vhpl27 1351658812
EN bat_logic NULL //hwnc2-stdhome2/stdhome2/users/1705407/HET6004/LAB2/Pong_2/Bat_Logic.vhd sub00/vhpl14 1351658825
AR state_machine behavioral //hwnc2-stdhome2/stdhome2/users/1705407/HET6004/LAB2/Pong_2/State_Machine.vhd sub00/vhpl21 1351658834
AR videosync behavioral //hwnc2-stdhome2/stdhome2/users/1705407/HET6004/LAB2/Pong_2/VGA_Timing.vhd sub00/vhpl07 1351658818
AR ball_logic behavioral //hwnc2-stdhome2/stdhome2/users/1705407/HET6004/LAB2/Pong_2/Ball_Logic.vhd sub00/vhpl19 1351658830
