V3 55
FL //hwnc2-stdhome2/stdhome2/users/1705407/HET6004/LAB2/Pong_2/Ball_Display.vhd 2012/10/17.16:31:00 M.81d
EN work/Ball_Display 1351658827 \
      FL //hwnc2-stdhome2/stdhome2/users/1705407/HET6004/LAB2/Pong_2/Ball_Display.vhd \
      PB ieee/std_logic_1164 1290154108 PB ieee/std_logic_arith 1290154109 \
      PB ieee/STD_LOGIC_UNSIGNED 1290154110 PB work/GameParameters 1351658812
AR work/Ball_Display/Behavioral 1351658828 \
      FL //hwnc2-stdhome2/stdhome2/users/1705407/HET6004/LAB2/Pong_2/Ball_Display.vhd \
      EN work/Ball_Display 1351658827
FL //hwnc2-stdhome2/stdhome2/users/1705407/HET6004/LAB2/Pong_2/Ball_Logic.vhd 2012/10/31.13:09:00 M.81d
EN work/Ball_Logic 1351658829 \
      FL //hwnc2-stdhome2/stdhome2/users/1705407/HET6004/LAB2/Pong_2/Ball_Logic.vhd \
      PB ieee/std_logic_1164 1290154108 PB ieee/std_logic_arith 1290154109 \
      PB ieee/STD_LOGIC_UNSIGNED 1290154110 PB work/GameParameters 1351658812
AR work/Ball_Logic/Behavioral 1351658830 \
      FL //hwnc2-stdhome2/stdhome2/users/1705407/HET6004/LAB2/Pong_2/Ball_Logic.vhd \
      EN work/Ball_Logic 1351658829
FL //hwnc2-stdhome2/stdhome2/users/1705407/HET6004/LAB2/Pong_2/Bat_Display.vhd 2012/10/30.16:04:26 M.81d
EN work/Bat_Display 1351658823 \
      FL //hwnc2-stdhome2/stdhome2/users/1705407/HET6004/LAB2/Pong_2/Bat_Display.vhd \
      PB ieee/std_logic_1164 1290154108 PB ieee/std_logic_arith 1290154109 \
      PB ieee/STD_LOGIC_UNSIGNED 1290154110 PB work/GameParameters 1351658812
AR work/Bat_Display/Behavioral 1351658824 \
      FL //hwnc2-stdhome2/stdhome2/users/1705407/HET6004/LAB2/Pong_2/Bat_Display.vhd \
      EN work/Bat_Display 1351658823
FL //hwnc2-stdhome2/stdhome2/users/1705407/HET6004/LAB2/Pong_2/Bat_Logic.vhd 2012/10/31.15:46:46 M.81d
EN work/Bat_Logic 1351658825 \
      FL //hwnc2-stdhome2/stdhome2/users/1705407/HET6004/LAB2/Pong_2/Bat_Logic.vhd \
      PB ieee/std_logic_1164 1290154108 PB ieee/std_logic_arith 1290154109 \
      PB ieee/STD_LOGIC_UNSIGNED 1290154110 PB work/GameParameters 1351658812
AR work/Bat_Logic/Behavioral 1351658826 \
      FL //hwnc2-stdhome2/stdhome2/users/1705407/HET6004/LAB2/Pong_2/Bat_Logic.vhd \
      EN work/Bat_Logic 1351658825
FL //hwnc2-stdhome2/stdhome2/users/1705407/HET6004/LAB2/Pong_2/Clock_Divider.vhd 2012/10/10.15:52:32 M.81d
EN work/ClockDivider 1351658813 \
      FL //hwnc2-stdhome2/stdhome2/users/1705407/HET6004/LAB2/Pong_2/Clock_Divider.vhd \
      PB ieee/std_logic_1164 1290154108 PB ieee/std_logic_arith 1290154109 \
      PB ieee/STD_LOGIC_UNSIGNED 1290154110 LB UNISIM PH unisim/VCOMPONENTS 1290154108 \
      PB work/Initialization 1350451289
AR work/ClockDivider/Behavioral 1351658814 \
      FL //hwnc2-stdhome2/stdhome2/users/1705407/HET6004/LAB2/Pong_2/Clock_Divider.vhd \
      EN work/ClockDivider 1351658813 CP CLKDLLE CP BUFG
FL //hwnc2-stdhome2/stdhome2/users/1705407/HET6004/LAB2/Pong_2/Court_Display.vhd 2012/10/30.15:43:10 M.81d
EN work/Court_Display 1351658819 \
      FL //hwnc2-stdhome2/stdhome2/users/1705407/HET6004/LAB2/Pong_2/Court_Display.vhd \
      PB ieee/std_logic_1164 1290154108 PB ieee/std_logic_arith 1290154109 \
      PB ieee/STD_LOGIC_UNSIGNED 1290154110 PB work/GameParameters 1351658812
AR work/Court_Display/Behavioral 1351658820 \
      FL //hwnc2-stdhome2/stdhome2/users/1705407/HET6004/LAB2/Pong_2/Court_Display.vhd \
      EN work/Court_Display 1351658819
FL //hwnc2-stdhome2/stdhome2/users/1705407/HET6004/LAB2/Pong_2/Initialization.vhd 2012/10/30.15:21:02 M.81d
PH work/GameParameters 1351658811 \
      FL //hwnc2-stdhome2/stdhome2/users/1705407/HET6004/LAB2/Pong_2/Initialization.vhd \
      PB ieee/std_logic_1164 1290154108
PB work/GameParameters 1351658812 \
      FL //hwnc2-stdhome2/stdhome2/users/1705407/HET6004/LAB2/Pong_2/Initialization.vhd \
      PH work/GameParameters 1351658811
FL //hwnc2-stdhome2/stdhome2/users/1705407/HET6004/LAB2/Pong_2/Row_Column_Counter.vhd 2012/10/30.15:42:04 M.81d
EN work/Row_Column_Counter 1351658815 \
      FL //hwnc2-stdhome2/stdhome2/users/1705407/HET6004/LAB2/Pong_2/Row_Column_Counter.vhd \
      PB ieee/std_logic_1164 1290154108 PB ieee/std_logic_arith 1290154109 \
      PB ieee/STD_LOGIC_UNSIGNED 1290154110
AR work/Row_Column_Counter/Behavioral 1351658816 \
      FL //hwnc2-stdhome2/stdhome2/users/1705407/HET6004/LAB2/Pong_2/Row_Column_Counter.vhd \
      EN work/Row_Column_Counter 1351658815
FL //hwnc2-stdhome2/stdhome2/users/1705407/HET6004/LAB2/Pong_2/Score_Display.vhd 2012/10/30.15:54:08 M.81d
EN work/Score_Display 1351658831 \
      FL //hwnc2-stdhome2/stdhome2/users/1705407/HET6004/LAB2/Pong_2/Score_Display.vhd \
      PB ieee/std_logic_1164 1290154108 PB ieee/std_logic_arith 1290154109 \
      PB ieee/STD_LOGIC_UNSIGNED 1290154110
AR work/Score_Display/Behavioral 1351658832 \
      FL //hwnc2-stdhome2/stdhome2/users/1705407/HET6004/LAB2/Pong_2/Score_Display.vhd \
      EN work/Score_Display 1351658831
FL //hwnc2-stdhome2/stdhome2/users/1705407/HET6004/LAB2/Pong_2/State_Machine.vhd 2012/10/31.13:02:36 M.81d
EN work/State_Machine 1351658833 \
      FL //hwnc2-stdhome2/stdhome2/users/1705407/HET6004/LAB2/Pong_2/State_Machine.vhd \
      PB ieee/std_logic_1164 1290154108 PB ieee/std_logic_arith 1290154109 \
      PB ieee/STD_LOGIC_UNSIGNED 1290154110
AR work/State_Machine/Behavioral 1351658834 \
      FL //hwnc2-stdhome2/stdhome2/users/1705407/HET6004/LAB2/Pong_2/State_Machine.vhd \
      EN work/State_Machine 1351658833
FL //hwnc2-stdhome2/stdhome2/users/1705407/HET6004/LAB2/Pong_2/TOPLEVEL.vhd 2012/10/24.16:47:36 M.81d
EN work/TOPLEVEL 1351658835 \
      FL //hwnc2-stdhome2/stdhome2/users/1705407/HET6004/LAB2/Pong_2/TOPLEVEL.vhd \
      PB ieee/std_logic_1164 1290154108 PB ieee/std_logic_arith 1290154109 \
      PB ieee/STD_LOGIC_UNSIGNED 1290154110
AR work/TOPLEVEL/Behavioral 1351658836 \
      FL //hwnc2-stdhome2/stdhome2/users/1705407/HET6004/LAB2/Pong_2/TOPLEVEL.vhd \
      EN work/TOPLEVEL 1351658835 CP ClockDivider CP Row_Column_Counter \
      CP VideoSync CP COURT_DISPLAY CP WALL_DISPLAY CP BAT_DISPLAY CP BAT_LOGIC \
      CP Ball_Display CP BALL_LOGIC CP Score_Display CP State_Machine
FL //hwnc2-stdhome2/stdhome2/users/1705407/HET6004/LAB2/Pong_2/VGA_Timing.vhd 2012/10/30.15:04:04 M.81d
EN work/VideoSync 1351658817 \
      FL //hwnc2-stdhome2/stdhome2/users/1705407/HET6004/LAB2/Pong_2/VGA_Timing.vhd \
      PB ieee/std_logic_1164 1290154108 PB ieee/std_logic_arith 1290154109 \
      PB ieee/STD_LOGIC_UNSIGNED 1290154110 PB work/GameParameters 1351658812
AR work/VideoSync/Behavioral 1351658818 \
      FL //hwnc2-stdhome2/stdhome2/users/1705407/HET6004/LAB2/Pong_2/VGA_Timing.vhd \
      EN work/VideoSync 1351658817
FL //hwnc2-stdhome2/stdhome2/users/1705407/HET6004/LAB2/Pong_2/Wall_Display.vhd 2012/10/31.15:41:20 M.81d
EN work/Wall_Display 1351658821 \
      FL //hwnc2-stdhome2/stdhome2/users/1705407/HET6004/LAB2/Pong_2/Wall_Display.vhd \
      PB ieee/std_logic_1164 1290154108 PB ieee/std_logic_arith 1290154109 \
      PB ieee/STD_LOGIC_UNSIGNED 1290154110 PB work/GameParameters 1351658812
AR work/Wall_Display/Behavioral 1351658822 \
      FL //hwnc2-stdhome2/stdhome2/users/1705407/HET6004/LAB2/Pong_2/Wall_Display.vhd \
      EN work/Wall_Display 1351658821
